ASxxxx Linker V03.00 + NoICE + sdld,  page 1.
Hexadecimal  [32-Bits]

Area                                    Addr        Size        Decimal Bytes (Attributes)
--------------------------------        ----        ----        ------- ----- ------------
CABS                                00000000    00000000 =           0. bytes (ABS,CON,CODE)

      Value  Global                              Global Defined In Module
      -----  --------------------------------   ------------------------
C:   00000000  l_BIT_BANK                      
C:   00000000  l_BSEG                          
C:   00000000  l_BSEG_BYTES                    
C:   00000000  l_CABS                          
C:   00000000  l_GSINIT1                       
C:   00000000  l_GSINIT5                       
C:   00000000  l_IABS                          
C:   00000000  l_PSEG                          
C:   00000000  l_REG_BANK_1                    
C:   00000000  l_REG_BANK_2                    
C:   00000000  l_REG_BANK_3                    
C:   00000000  l_RSEG                          
C:   00000000  l_RSEG0                         
C:   00000000  l_RSEG1                         
C:   00000000  l_XABS                          
C:   00000000  l_XINIT                         
C:   00000000  l_XISEG                         
C:   00000000  l_XSEG                          
C:   00000000  l__CODE                         
C:   00000000  s_BSEG                          
C:   00000000  s_CABS                          
C:   00000000  s_DSEG                          
C:   00000000  s_HOME                          
C:   00000000  s_IABS                          
C:   00000000  s_REG_BANK_0                    
C:   00000000  s_RSEG                          
C:   00000000  s_RSEG0                         
C:   00000000  s_RSEG1                         
C:   00000000  s_XABS                          
C:   00000001  s_PSEG                          
C:   00000001  s_XISEG                         
C:   00000001  s_XSEG                          
C:   00000003  l_GSFINAL                       
C:   00000003  l_GSINIT0                       
C:   00000006  l_OSEG                          
C:   00000008  l_REG_BANK_0                    
C:   00000008  s_REG_BANK_1                    
C:   0000000A  l_GSINIT2                       
C:   00000010  s_REG_BANK_2                    
C:   00000018  s_BIT_BANK                      
C:   00000018  s_REG_BANK_3                    
C:   00000020  s_BSEG_BYTES                    
C:   00000020  s__CODE                         
C:   00000022  l_GSINIT3                       
C:   00000024  l_ISEG                          
C:   00000029  l_HOME                          
C:   00000029  s_GSINIT0                       
C:   0000002A  l_GSINIT4                       
C:   0000002C  s_GSINIT1                       
C:   0000002C  s_GSINIT2                       
ASxxxx Linker V03.00 + NoICE + sdld,  page 2.
Hexadecimal  [32-Bits]

Area                                    Addr        Size        Decimal Bytes (Attributes)
--------------------------------        ----        ----        ------- ----- ------------
CABS                                00000000    00000000 =           0. bytes (ABS,CON,CODE)

      Value  Global                              Global Defined In Module
      -----  --------------------------------   ------------------------
C:   00000036  s_GSINIT3                       
C:   00000044  l_GSINIT                        
C:   00000058  s_GSINIT4                       
C:   0000006B  l_SSEG                          
C:   0000006B  s_OSEG                          
C:   00000071  s_ISEG                          
C:   00000080  l_DSEG                          
C:   00000082  s_GSINIT                        
C:   00000082  s_GSINIT5                       
C:   00000095  s_SSEG                          
C:   000000C6  s_GSFINAL                       
C:   000000C9  s_CSEG                          
C:   00000100  l_IRAM                          
C:   0000117D  l_CONST                         
C:   00005867  l_CSEG                          
C:   00005930  s_CONST                         
C:   00006AAD  s_XINIT                         

ASxxxx Linker V03.00 + NoICE + sdld,  page 3.
Hexadecimal  [32-Bits]

Area                                    Addr        Size        Decimal Bytes (Attributes)
--------------------------------        ----        ----        ------- ----- ------------
.  .ABS.                            00000000    00000000 =           0. bytes (ABS,CON)

      Value  Global                              Global Defined In Module
      -----  --------------------------------   ------------------------
     00000000  .__.ABS.                           _startup
     00000080  _P0                                ecen4350_lcd_v4
     00000080  _P0_0                              ecen4350_lcd_v4
     00000081  _P0_1                              ecen4350_lcd_v4
     00000081  _SP                                ecen4350_lcd_v4
     00000082  _DPL                               ecen4350_lcd_v4
     00000082  _P0_2                              ecen4350_lcd_v4
     00000083  _DPH                               ecen4350_lcd_v4
     00000083  _P0_3                              ecen4350_lcd_v4
     00000084  _P0_4                              ecen4350_lcd_v4
     00000085  _P0_5                              ecen4350_lcd_v4
     00000086  _P0_6                              ecen4350_lcd_v4
     00000087  _P0_7                              ecen4350_lcd_v4
     00000087  _PCON                              ecen4350_lcd_v4
     00000088  _IT0                               ecen4350_lcd_v4
     00000088  _TCON                              ecen4350_lcd_v4
     00000089  _IE0                               ecen4350_lcd_v4
     00000089  _TMOD                              ecen4350_lcd_v4
     0000008A  _IT1                               ecen4350_lcd_v4
     0000008A  _TL0                               ecen4350_lcd_v4
     0000008B  _IE1                               ecen4350_lcd_v4
     0000008B  _TL1                               ecen4350_lcd_v4
     0000008C  _TH0                               ecen4350_lcd_v4
     0000008C  _TR0                               ecen4350_lcd_v4
     0000008D  _TF0                               ecen4350_lcd_v4
     0000008D  _TH1                               ecen4350_lcd_v4
     0000008E  _TR1                               ecen4350_lcd_v4
     0000008F  _TF1                               ecen4350_lcd_v4
     00000090  _P1                                ecen4350_lcd_v4
     00000090  _P1_0                              ecen4350_lcd_v4
     00000090  _T2                                ecen4350_lcd_v4
     00000091  _P1_1                              ecen4350_lcd_v4
     00000091  _T2EX                              ecen4350_lcd_v4
     00000092  _P1_2                              ecen4350_lcd_v4
     00000093  _P1_3                              ecen4350_lcd_v4
     00000094  _P1_4                              ecen4350_lcd_v4
     00000095  _P1_5                              ecen4350_lcd_v4
     00000096  _P1_6                              ecen4350_lcd_v4
     00000097  _P1_7                              ecen4350_lcd_v4
     00000098  _RI                                ecen4350_lcd_v4
     00000098  _SCON                              ecen4350_lcd_v4
     00000099  _SBUF                              ecen4350_lcd_v4
     00000099  _TI                                ecen4350_lcd_v4
     0000009A  _RB8                               ecen4350_lcd_v4
     0000009B  _TB8                               ecen4350_lcd_v4
     0000009C  _REN                               ecen4350_lcd_v4
     0000009D  _SM2                               ecen4350_lcd_v4
     0000009E  _SM1                               ecen4350_lcd_v4
     0000009F  _SM0                               ecen4350_lcd_v4
     000000A0  _P2                                ecen4350_lcd_v4
ASxxxx Linker V03.00 + NoICE + sdld,  page 4.
Hexadecimal  [32-Bits]

Area                                    Addr        Size        Decimal Bytes (Attributes)
--------------------------------        ----        ----        ------- ----- ------------
.  .ABS.                            00000000    00000000 =           0. bytes (ABS,CON)

      Value  Global                              Global Defined In Module
      -----  --------------------------------   ------------------------
     000000A0  _P2_0                              ecen4350_lcd_v4
     000000A0  __XPAGE                            
     000000A1  _P2_1                              ecen4350_lcd_v4
     000000A2  _P2_2                              ecen4350_lcd_v4
     000000A3  _P2_3                              ecen4350_lcd_v4
     000000A4  _P2_4                              ecen4350_lcd_v4
     000000A5  _P2_5                              ecen4350_lcd_v4
     000000A6  _P2_6                              ecen4350_lcd_v4
     000000A7  _P2_7                              ecen4350_lcd_v4
     000000A8  _EX0                               ecen4350_lcd_v4
     000000A8  _IE                                ecen4350_lcd_v4
     000000A9  _ET0                               ecen4350_lcd_v4
     000000AA  _EX1                               ecen4350_lcd_v4
     000000AB  _ET1                               ecen4350_lcd_v4
     000000AC  _ES                                ecen4350_lcd_v4
     000000AD  _ET2                               ecen4350_lcd_v4
     000000AF  _EA                                ecen4350_lcd_v4
     000000B0  _P3                                ecen4350_lcd_v4
     000000B0  _P3_0                              ecen4350_lcd_v4
     000000B0  _RXD                               ecen4350_lcd_v4
     000000B1  _P3_1                              ecen4350_lcd_v4
     000000B1  _TXD                               ecen4350_lcd_v4
     000000B2  _INT0                              ecen4350_lcd_v4
     000000B2  _P3_2                              ecen4350_lcd_v4
     000000B3  _INT1                              ecen4350_lcd_v4
     000000B3  _P3_3                              ecen4350_lcd_v4
     000000B4  _P3_4                              ecen4350_lcd_v4
     000000B4  _T0                                ecen4350_lcd_v4
     000000B5  _P3_5                              ecen4350_lcd_v4
     000000B5  _T1                                ecen4350_lcd_v4
     000000B6  _P3_6                              ecen4350_lcd_v4
     000000B6  _WR                                ecen4350_lcd_v4
     000000B7  _P3_7                              ecen4350_lcd_v4
     000000B7  _RD                                ecen4350_lcd_v4
     000000B8  _IP                                ecen4350_lcd_v4
     000000B8  _PX0                               ecen4350_lcd_v4
     000000B9  _PT0                               ecen4350_lcd_v4
     000000BA  _PX1                               ecen4350_lcd_v4
     000000BB  _PT1                               ecen4350_lcd_v4
     000000BC  _PS                                ecen4350_lcd_v4
     000000BD  _PT2                               ecen4350_lcd_v4
     000000C8  _CP_RL2                            ecen4350_lcd_v4
     000000C8  _T2CON                             ecen4350_lcd_v4
     000000C8  _T2CON_0                           ecen4350_lcd_v4
     000000C9  _C_T2                              ecen4350_lcd_v4
     000000C9  _T2CON_1                           ecen4350_lcd_v4
     000000C9  _T2MOD                             ecen4350_lcd_v4
     000000CA  _RCAP2L                            ecen4350_lcd_v4
     000000CA  _T2CON_2                           ecen4350_lcd_v4
     000000CA  _TR2                               ecen4350_lcd_v4
     000000CB  _EXEN2                             ecen4350_lcd_v4
ASxxxx Linker V03.00 + NoICE + sdld,  page 5.
Hexadecimal  [32-Bits]

Area                                    Addr        Size        Decimal Bytes (Attributes)
--------------------------------        ----        ----        ------- ----- ------------
.  .ABS.                            00000000    00000000 =           0. bytes (ABS,CON)

      Value  Global                              Global Defined In Module
      -----  --------------------------------   ------------------------
     000000CB  _RCAP2H                            ecen4350_lcd_v4
     000000CB  _T2CON_3                           ecen4350_lcd_v4
     000000CC  _T2CON_4                           ecen4350_lcd_v4
     000000CC  _TCLK                              ecen4350_lcd_v4
     000000CC  _TL2                               ecen4350_lcd_v4
     000000CD  _RCLK                              ecen4350_lcd_v4
     000000CD  _T2CON_5                           ecen4350_lcd_v4
     000000CD  _TH2                               ecen4350_lcd_v4
     000000CE  _EXF2                              ecen4350_lcd_v4
     000000CE  _T2CON_6                           ecen4350_lcd_v4
     000000CF  _T2CON_7                           ecen4350_lcd_v4
     000000CF  _TF2                               ecen4350_lcd_v4
     000000D0  _P                                 ecen4350_lcd_v4
     000000D0  _PSW                               ecen4350_lcd_v4
     000000D1  _FL                                ecen4350_lcd_v4
     000000D2  _OV                                ecen4350_lcd_v4
     000000D3  _RS0                               ecen4350_lcd_v4
     000000D4  _RS1                               ecen4350_lcd_v4
     000000D5  _F0                                ecen4350_lcd_v4
     000000D6  _AC                                ecen4350_lcd_v4
     000000D7  _CY                                ecen4350_lcd_v4
     000000E0  _A                                 ecen4350_lcd_v4
     000000E0  _ACC                               ecen4350_lcd_v4
     000000F0  _B                                 ecen4350_lcd_v4
     000000F5  _B_5                               _gptrget
     000000F6  _B_6                               _gptrget
     000000F7  _B_7                               _gptrget

ASxxxx Linker V03.00 + NoICE + sdld,  page 6.
Hexadecimal  [32-Bits]

Area                                    Addr        Size        Decimal Bytes (Attributes)
--------------------------------        ----        ----        ------- ----- ------------
REG_BANK_0                          00000000    00000008 =           8. bytes (REL,OVR)

      Value  Global                              Global Defined In Module
      -----  --------------------------------   ------------------------
ASxxxx Linker V03.00 + NoICE + sdld,  page 7.
Hexadecimal  [32-Bits]

Area                                    Addr        Size        Decimal Bytes (Attributes)
--------------------------------        ----        ----        ------- ----- ------------
DSEG                                00000000    00000080 =         128. bytes (REL,CON)

      Value  Global                              Global Defined In Module
      -----  --------------------------------   ------------------------
     00000008  _colloc                            ecen4350_lcd_v4
     00000009  _rowloc                            ecen4350_lcd_v4
     0000000A  _lcd_address                       ecen4350_lcd_v4
     0000000C  _seg7_address                      ecen4350_lcd_v4
     0000000E  _received_byte                     ecen4350_lcd_v4
     0000000F  _received_flag                     ecen4350_lcd_v4
     00000010  _cursor_x                          ecen4350_lcd_v4
     00000012  _cursor_y                          ecen4350_lcd_v4
     00000014  _textsize                          ecen4350_lcd_v4
     00000015  _rotation                          ecen4350_lcd_v4
     00000016  _textcolor                         ecen4350_lcd_v4
     00000018  _textbgcolor                       ecen4350_lcd_v4
     0000001A  __width                            ecen4350_lcd_v4
     0000001C  __height                           ecen4350_lcd_v4
     0000001E  _rtcWrite_PARM_2                   ecen4350_lcd_v4
     00000028  _drawPixel_PARM_2                  ecen4350_lcd_v4
     0000002A  _drawPixel_PARM_3                  ecen4350_lcd_v4
     0000002C  _drawCircle_PARM_2                 ecen4350_lcd_v4
     0000002E  _drawCircle_PARM_3                 ecen4350_lcd_v4
     00000030  _drawCircle_PARM_4                 ecen4350_lcd_v4
     0000003A  _testCircles_PARM_2                ecen4350_lcd_v4
     00000040  _fillRect_PARM_2                   ecen4350_lcd_v4
     00000042  _fillRect_PARM_3                   ecen4350_lcd_v4
     00000044  _fillRect_PARM_4                   ecen4350_lcd_v4
     00000046  _fillRect_PARM_5                   ecen4350_lcd_v4
     00000048  _drawChar_PARM_2                   ecen4350_lcd_v4
     0000004A  _drawChar_PARM_3                   ecen4350_lcd_v4
     0000004B  _drawChar_PARM_4                   ecen4350_lcd_v4
     0000004D  _drawChar_PARM_5                   ecen4350_lcd_v4
     0000004F  _drawChar_PARM_6                   ecen4350_lcd_v4
ASxxxx Linker V03.00 + NoICE + sdld,  page 8.
Hexadecimal  [32-Bits]

Area                                    Addr        Size        Decimal Bytes (Attributes)
--------------------------------        ----        ----        ------- ----- ------------
OSEG                                0000006B    00000006 =           6. bytes (REL,OVR)

      Value  Global                              Global Defined In Module
      -----  --------------------------------   ------------------------
     0000006B  __divsint_PARM_2                   _divuint
     0000006B  __divuint_PARM_2                   _divuint
     0000006B  __modsint_PARM_2                   _moduint
     0000006B  __moduint_PARM_2                   _moduint
     0000006B  __mulint_PARM_2                    _mulint
     0000006B  _iowrite8_PARM_2                   ecen4350_lcd_v4
     0000006B  _ramWrite8_PARM_2                  ecen4350_lcd_v4
     0000006B  _rtcCmd_PARM_2                     ecen4350_lcd_v4
     0000006B  _setAddress_PARM_2                 ecen4350_lcd_v4
     0000006B  _setCursor_PARM_2                  ecen4350_lcd_v4
     0000006B  _setTextColor_PARM_2               ecen4350_lcd_v4
     0000006B  _writeRegister16_PARM_2            ecen4350_lcd_v4
     0000006B  _writeRegister8_PARM_2             ecen4350_lcd_v4
     0000006D  _setAddress_PARM_3                 ecen4350_lcd_v4
     0000006F  _setAddress_PARM_4                 ecen4350_lcd_v4
ASxxxx Linker V03.00 + NoICE + sdld,  page 9.
Hexadecimal  [32-Bits]

Area                                    Addr        Size        Decimal Bytes (Attributes)
--------------------------------        ----        ----        ------- ----- ------------
ISEG                                00000071    00000024 =          36. bytes (REL,CON)

      Value  Global                              Global Defined In Module
      -----  --------------------------------   ------------------------
     00000071  _selection                         ecen4350_lcd_v4
     00000072  _UART_en                           ecen4350_lcd_v4
     00000073  _baudSet                           ecen4350_lcd_v4
     00000074  _bitSet                            ecen4350_lcd_v4
     00000075  _paritySet                         ecen4350_lcd_v4
     00000076  _parityEven                        ecen4350_lcd_v4
     00000077  _parityBit                         ecen4350_lcd_v4
     00000078  _baudType                          ecen4350_lcd_v4
     00000079  _pType                             ecen4350_lcd_v4
     0000007A  __8b                               ecen4350_lcd_v4
     0000007B  _tempFrame                         ecen4350_lcd_v4
     0000007D  _frame_NEP                         ecen4350_lcd_v4
ASxxxx Linker V03.00 + NoICE + sdld,  page 10.
Hexadecimal  [32-Bits]

Area                                    Addr        Size        Decimal Bytes (Attributes)
--------------------------------        ----        ----        ------- ----- ------------
SSEG                                00000095    0000006B =         107. bytes (REL,OVR)

      Value  Global                              Global Defined In Module
      -----  --------------------------------   ------------------------
     00000095  __start__stack                     ecen4350_lcd_v4

ASxxxx Linker V03.00 + NoICE + sdld,  page 11.
Hexadecimal  [32-Bits]

Area                                    Addr        Size        Decimal Bytes (Attributes)
--------------------------------        ----        ----        ------- ----- ------------
HOME                                00000000    00000029 =          41. bytes (REL,CON,CODE)

      Value  Global                              Global Defined In Module
      -----  --------------------------------   ------------------------
C:   00000026  __sdcc_program_startup             ecen4350_lcd_v4

ASxxxx Linker V03.00 + NoICE + sdld,  page 12.
Hexadecimal  [32-Bits]

Area                                    Addr        Size        Decimal Bytes (Attributes)
--------------------------------        ----        ----        ------- ----- ------------
GSINIT0                             00000029    00000003 =           3. bytes (REL,CON,CODE)

      Value  Global                              Global Defined In Module
      -----  --------------------------------   ------------------------
C:   00000029  __sdcc_gsinit_startup              

ASxxxx Linker V03.00 + NoICE + sdld,  page 13.
Hexadecimal  [32-Bits]

Area                                    Addr        Size        Decimal Bytes (Attributes)
--------------------------------        ----        ----        ------- ----- ------------
GSINIT2                             0000002C    0000000A =          10. bytes (REL,CON,CODE)

      Value  Global                              Global Defined In Module
      -----  --------------------------------   ------------------------
ASxxxx Linker V03.00 + NoICE + sdld,  page 14.
Hexadecimal  [32-Bits]

Area                                    Addr        Size        Decimal Bytes (Attributes)
--------------------------------        ----        ----        ------- ----- ------------
GSINIT3                             00000036    00000022 =          34. bytes (REL,CON,CODE)

      Value  Global                              Global Defined In Module
      -----  --------------------------------   ------------------------
C:   00000036  __mcs51_genXINIT                   

ASxxxx Linker V03.00 + NoICE + sdld,  page 15.
Hexadecimal  [32-Bits]

Area                                    Addr        Size        Decimal Bytes (Attributes)
--------------------------------        ----        ----        ------- ----- ------------
GSINIT4                             00000058    0000002A =          42. bytes (REL,CON,CODE)

      Value  Global                              Global Defined In Module
      -----  --------------------------------   ------------------------
C:   00000058  __mcs51_genRAMCLEAR                
C:   0000005E  __mcs51_genXRAMCLEAR               

ASxxxx Linker V03.00 + NoICE + sdld,  page 16.
Hexadecimal  [32-Bits]

Area                                    Addr        Size        Decimal Bytes (Attributes)
--------------------------------        ----        ----        ------- ----- ------------
GSINIT                              00000082    00000044 =          68. bytes (REL,CON,CODE)

      Value  Global                              Global Defined In Module
      -----  --------------------------------   ------------------------
ASxxxx Linker V03.00 + NoICE + sdld,  page 17.
Hexadecimal  [32-Bits]

Area                                    Addr        Size        Decimal Bytes (Attributes)
--------------------------------        ----        ----        ------- ----- ------------
GSFINAL                             000000C6    00000003 =           3. bytes (REL,CON,CODE)

      Value  Global                              Global Defined In Module
      -----  --------------------------------   ------------------------
ASxxxx Linker V03.00 + NoICE + sdld,  page 18.
Hexadecimal  [32-Bits]

Area                                    Addr        Size        Decimal Bytes (Attributes)
--------------------------------        ----        ----        ------- ----- ------------
CSEG                                000000C9    00005867 =       22631. bytes (REL,CON,CODE)

      Value  Global                              Global Defined In Module
      -----  --------------------------------   ------------------------
C:   000000C9  _iowrite8                          ecen4350_lcd_v4
C:   000000D1  _ioread8                           ecen4350_lcd_v4
C:   000000DA  _ramWrite8                         ecen4350_lcd_v4
C:   000000E2  _ramRead8                          ecen4350_lcd_v4
C:   000000EB  _writeAllRAM                       ecen4350_lcd_v4
C:   0000011A  _checkAllRAM                       ecen4350_lcd_v4
C:   000001A9  _delay                             ecen4350_lcd_v4
C:   000001DC  _UART_init                         ecen4350_lcd_v4
C:   000001E7  _UART_disable                      ecen4350_lcd_v4
C:   00000229  _UART_transmit                     ecen4350_lcd_v4
C:   00000232  _ISR_receive                       ecen4350_lcd_v4
C:   0000023E  _writeRegister8                    ecen4350_lcd_v4
C:   0000025E  _writeRegister16                   ecen4350_lcd_v4
C:   000002A3  _seg7Test                          ecen4350_lcd_v4
C:   000003FE  _rtcInit                           ecen4350_lcd_v4
C:   00000434  _rtcBusy                           ecen4350_lcd_v4
C:   00000442  _rtcCmd                            ecen4350_lcd_v4
C:   0000044B  _rtcWrite                          ecen4350_lcd_v4
C:   0000047A  _rtcRead                           ecen4350_lcd_v4
C:   000004AF  _rtcPrint                          ecen4350_lcd_v4
C:   000005BF  _setCursor                         ecen4350_lcd_v4
C:   000005CC  _setTextColor                      ecen4350_lcd_v4
C:   000005D9  _setTextSize                       ecen4350_lcd_v4
C:   000005F1  _setRotation                       ecen4350_lcd_v4
C:   0000065C  _setAddress                        ecen4350_lcd_v4
C:   000006F7  _TFT_LCD_INIT                      ecen4350_lcd_v4
C:   00000836  _drawPixel                         ecen4350_lcd_v4
C:   00000887  _drawCircle                        ecen4350_lcd_v4
C:   00000B20  _testCircles                       ecen4350_lcd_v4
C:   00000BB2  _fillRect                          ecen4350_lcd_v4
C:   00000C8F  _fillTop                           ecen4350_lcd_v4
C:   00000D75  _fillScreen                        ecen4350_lcd_v4
C:   00000E5C  _clearLCD                          ecen4350_lcd_v4
C:   00000E62  _drawChar                          ecen4350_lcd_v4
C:   00001073  _write                             ecen4350_lcd_v4
C:   000010D9  _LCD_string_write                  ecen4350_lcd_v4
C:   00001118  _writeNewLine                      ecen4350_lcd_v4
C:   0000111E  _freeType                          ecen4350_lcd_v4
C:   000011F7  _keyDetect                         ecen4350_lcd_v4
C:   00001300  _reverse                           ecen4350_lcd_v4
C:   00001370  _reverse16                         ecen4350_lcd_v4
C:   000013EF  _hexToASCII                        ecen4350_lcd_v4
C:   00001465  _ASCIItoHex                        ecen4350_lcd_v4
C:   000014DB  _asciiToDec                        ecen4350_lcd_v4
C:   0000152F  _asciiToHex                        ecen4350_lcd_v4
C:   000015A4  _print4Hex                         ecen4350_lcd_v4
C:   000015AA  _print8Hex                         ecen4350_lcd_v4
C:   000015C1  _print16Hex                        ecen4350_lcd_v4
C:   000015D7  _print16Dec                        ecen4350_lcd_v4
C:   0000162C  _print8ASCII                       ecen4350_lcd_v4
ASxxxx Linker V03.00 + NoICE + sdld,  page 19.
Hexadecimal  [32-Bits]

Area                                    Addr        Size        Decimal Bytes (Attributes)
--------------------------------        ----        ----        ------- ----- ------------
CSEG                                000000C9    00005867 =       22631. bytes (REL,CON,CODE)

      Value  Global                              Global Defined In Module
      -----  --------------------------------   ------------------------
C:   0000162F  _print16ASCII                      ecen4350_lcd_v4
C:   00001645  _writeSomeLines                    ecen4350_lcd_v4
C:   0000169D  _setColorDefault                   ecen4350_lcd_v4
C:   000016A8  _setColorSelect                    ecen4350_lcd_v4
C:   000016B3  _setColorHighlight1                ecen4350_lcd_v4
C:   000016BF  _setColorHighlight2                ecen4350_lcd_v4
C:   000016CB  _setColorGray                      ecen4350_lcd_v4
C:   000016D6  _setColorMenu                      ecen4350_lcd_v4
C:   000016E2  _setColorRed                       ecen4350_lcd_v4
C:   000016ED  _setColorWhite                     ecen4350_lcd_v4
C:   000016F8  _setColorGreen                     ecen4350_lcd_v4
C:   00001703  _setColorYellow                    ecen4350_lcd_v4
C:   0000170E  _inputAddress                      ecen4350_lcd_v4
C:   000017B0  _inputBlockType                    ecen4350_lcd_v4
C:   000017BE  _inputBlockSize                    ecen4350_lcd_v4
C:   00001802  _printMenu                         ecen4350_lcd_v4
C:   0000195D  _dump                              ecen4350_lcd_v4
C:   0000221E  _move                              ecen4350_lcd_v4
C:   00002787  _edit                              ecen4350_lcd_v4
C:   00002EE3  _find                              ecen4350_lcd_v4
C:   000039E7  _count                             ecen4350_lcd_v4
C:   000044C2  _check                             ecen4350_lcd_v4
C:   000045E4  _uart                              ecen4350_lcd_v4
C:   000053B6  _main                              ecen4350_lcd_v4
C:   0000580F  __divuint                          _divuint
C:   00005838  __mulint                           _mulint
C:   00005838  __mulint_dummy                     _mulint
C:   00005855  __moduint                          _moduint
C:   000058A2  __gptrget                          _gptrget
C:   000058BE  __modsint                          _modsint
C:   000058F4  __divsint                          _divsint
C:   0000592C  __sdcc_external_startup            _startup

ASxxxx Linker V03.00 + NoICE + sdld,  page 20.
Hexadecimal  [32-Bits]

Area                                    Addr        Size        Decimal Bytes (Attributes)
--------------------------------        ----        ----        ------- ----- ------------
CONST                               00005930    0000117D =        4477. bytes (REL,CON,CODE)

      Value  Global                              Global Defined In Module
      -----  --------------------------------   ------------------------
C:   00005E2B  _keypad                            ecen4350_lcd_v4

ASxxxx Linker V03.00 + NoICE + sdld,  page 21.

Files Linked                              [ module(s) ]

ecen4350_lcd_v4.rel                       [  ]


Libraries Linked                          [ object file ]

C:\Program Files\SDCC\bin\..\lib\small/libint.lib
                                          [ _divuint.rel ]
C:\Program Files\SDCC\bin\..\lib\small/mcs51.lib
                                          [ crtclear.rel ]
C:\Program Files\SDCC\bin\..\lib\small/mcs51.lib
                                          [ crtxinit.rel ]
C:\Program Files\SDCC\bin\..\lib\small/libint.lib
                                          [ _mulint.rel ]
C:\Program Files\SDCC\bin\..\lib\small/libint.lib
                                          [ _moduint.rel ]
C:\Program Files\SDCC\bin\..\lib\small/mcs51.lib
                                          [ crtxclear.rel ]
C:\Program Files\SDCC\bin\..\lib\small/mcs51.lib
                                          [ crtpagesfr.rel ]
C:\Program Files\SDCC\bin\..\lib\small/mcs51.lib
                                          [ crtstart.rel ]
C:\Program Files\SDCC\bin\..\lib\small/libsdcc.lib
                                          [ _gptrget.rel ]
C:\Program Files\SDCC\bin\..\lib\small/libint.lib
                                          [ _modsint.rel ]
C:\Program Files\SDCC\bin\..\lib\small/libint.lib
                                          [ _divsint.rel ]
C:\Program Files\SDCC\bin\..\lib\small/libsdcc.lib
                                          [ _startup.rel ]

ASxxxx Linker V03.00 + NoICE + sdld,  page 22.

User Base Address Definitions

HOME = 0x0000
XSEG = 0x0001
PSEG = 0x0001
ISEG = 0x0000
BSEG = 0x0000

