ASxxxx Linker V03.00 + NoICE + sdld,  page 1.
Hexadecimal  [32-Bits]

Area                                    Addr        Size        Decimal Bytes (Attributes)
--------------------------------        ----        ----        ------- ----- ------------
CABS                                00000000    00000000 =           0. bytes (ABS,CON,CODE)

      Value  Global                              Global Defined In Module
      -----  --------------------------------   ------------------------
C:   00000000  l_BIT_BANK                      
C:   00000000  l_BSEG                          
C:   00000000  l_BSEG_BYTES                    
C:   00000000  l_CABS                          
C:   00000000  l_GSINIT1                       
C:   00000000  l_GSINIT5                       
C:   00000000  l_IABS                          
C:   00000000  l_PSEG                          
C:   00000000  l_REG_BANK_1                    
C:   00000000  l_REG_BANK_2                    
C:   00000000  l_REG_BANK_3                    
C:   00000000  l_RSEG                          
C:   00000000  l_RSEG0                         
C:   00000000  l_RSEG1                         
C:   00000000  l_XABS                          
C:   00000000  l_XINIT                         
C:   00000000  l_XISEG                         
C:   00000000  l_XSEG                          
C:   00000000  l__CODE                         
C:   00000000  s_BSEG                          
C:   00000000  s_CABS                          
C:   00000000  s_DSEG                          
C:   00000000  s_HOME                          
C:   00000000  s_IABS                          
C:   00000000  s_REG_BANK_0                    
C:   00000000  s_RSEG                          
C:   00000000  s_RSEG0                         
C:   00000000  s_RSEG1                         
C:   00000000  s_XABS                          
C:   00000001  s_PSEG                          
C:   00000001  s_XISEG                         
C:   00000001  s_XSEG                          
C:   00000003  l_GSFINAL                       
C:   00000003  l_GSINIT0                       
C:   00000006  l_OSEG                          
C:   00000008  l_REG_BANK_0                    
C:   00000008  s_REG_BANK_1                    
C:   0000000A  l_GSINIT2                       
C:   00000010  s_REG_BANK_2                    
C:   00000018  s_BIT_BANK                      
C:   00000018  s_REG_BANK_3                    
C:   0000001B  l_ISEG                          
C:   00000020  s_BSEG_BYTES                    
C:   00000020  s__CODE                         
C:   00000022  l_GSINIT                        
C:   00000022  l_GSINIT3                       
C:   00000029  l_HOME                          
C:   00000029  s_GSINIT0                       
C:   0000002A  l_GSINIT4                       
C:   0000002C  s_GSINIT1                       
ASxxxx Linker V03.00 + NoICE + sdld,  page 2.
Hexadecimal  [32-Bits]

Area                                    Addr        Size        Decimal Bytes (Attributes)
--------------------------------        ----        ----        ------- ----- ------------
CABS                                00000000    00000000 =           0. bytes (ABS,CON,CODE)

      Value  Global                              Global Defined In Module
      -----  --------------------------------   ------------------------
C:   0000002C  s_GSINIT2                       
C:   00000036  s_GSINIT3                       
C:   00000058  s_GSINIT4                       
C:   0000006B  s_OSEG                          
C:   00000071  s_ISEG                          
C:   00000074  l_SSEG                          
C:   00000080  l_DSEG                          
C:   00000082  s_GSINIT                        
C:   00000082  s_GSINIT5                       
C:   0000008C  s_SSEG                          
C:   000000A4  s_GSFINAL                       
C:   000000A7  s_CSEG                          
C:   00000100  l_IRAM                          
C:   00000F33  l_CONST                         
C:   00004EE4  l_CSEG                          
C:   00004F8B  s_CONST                         
C:   00005EBE  s_XINIT                         

ASxxxx Linker V03.00 + NoICE + sdld,  page 3.
Hexadecimal  [32-Bits]

Area                                    Addr        Size        Decimal Bytes (Attributes)
--------------------------------        ----        ----        ------- ----- ------------
.  .ABS.                            00000000    00000000 =           0. bytes (ABS,CON)

      Value  Global                              Global Defined In Module
      -----  --------------------------------   ------------------------
     00000000  .__.ABS.                           _startup
     00000080  _P0                                ecen4350_lcd_v4
     00000080  _P0_0                              ecen4350_lcd_v4
     00000081  _P0_1                              ecen4350_lcd_v4
     00000081  _SP                                ecen4350_lcd_v4
     00000082  _DPL                               ecen4350_lcd_v4
     00000082  _P0_2                              ecen4350_lcd_v4
     00000083  _DPH                               ecen4350_lcd_v4
     00000083  _P0_3                              ecen4350_lcd_v4
     00000084  _P0_4                              ecen4350_lcd_v4
     00000085  _P0_5                              ecen4350_lcd_v4
     00000086  _P0_6                              ecen4350_lcd_v4
     00000087  _P0_7                              ecen4350_lcd_v4
     00000087  _PCON                              ecen4350_lcd_v4
     00000088  _IT0                               ecen4350_lcd_v4
     00000088  _TCON                              ecen4350_lcd_v4
     00000089  _IE0                               ecen4350_lcd_v4
     00000089  _TMOD                              ecen4350_lcd_v4
     0000008A  _IT1                               ecen4350_lcd_v4
     0000008A  _TL0                               ecen4350_lcd_v4
     0000008B  _IE1                               ecen4350_lcd_v4
     0000008B  _TL1                               ecen4350_lcd_v4
     0000008C  _TH0                               ecen4350_lcd_v4
     0000008C  _TR0                               ecen4350_lcd_v4
     0000008D  _TF0                               ecen4350_lcd_v4
     0000008D  _TH1                               ecen4350_lcd_v4
     0000008E  _TR1                               ecen4350_lcd_v4
     0000008F  _TF1                               ecen4350_lcd_v4
     00000090  _P1                                ecen4350_lcd_v4
     00000090  _P1_0                              ecen4350_lcd_v4
     00000090  _T2                                ecen4350_lcd_v4
     00000091  _P1_1                              ecen4350_lcd_v4
     00000091  _T2EX                              ecen4350_lcd_v4
     00000092  _P1_2                              ecen4350_lcd_v4
     00000093  _P1_3                              ecen4350_lcd_v4
     00000094  _P1_4                              ecen4350_lcd_v4
     00000095  _P1_5                              ecen4350_lcd_v4
     00000096  _P1_6                              ecen4350_lcd_v4
     00000097  _P1_7                              ecen4350_lcd_v4
     00000098  _RI                                ecen4350_lcd_v4
     00000098  _SCON                              ecen4350_lcd_v4
     00000099  _SBUF                              ecen4350_lcd_v4
     00000099  _TI                                ecen4350_lcd_v4
     0000009A  _RB8                               ecen4350_lcd_v4
     0000009B  _TB8                               ecen4350_lcd_v4
     0000009C  _REN                               ecen4350_lcd_v4
     0000009D  _SM2                               ecen4350_lcd_v4
     0000009E  _SM1                               ecen4350_lcd_v4
     0000009F  _SM0                               ecen4350_lcd_v4
     000000A0  _P2                                ecen4350_lcd_v4
ASxxxx Linker V03.00 + NoICE + sdld,  page 4.
Hexadecimal  [32-Bits]

Area                                    Addr        Size        Decimal Bytes (Attributes)
--------------------------------        ----        ----        ------- ----- ------------
.  .ABS.                            00000000    00000000 =           0. bytes (ABS,CON)

      Value  Global                              Global Defined In Module
      -----  --------------------------------   ------------------------
     000000A0  _P2_0                              ecen4350_lcd_v4
     000000A0  __XPAGE                            
     000000A1  _P2_1                              ecen4350_lcd_v4
     000000A2  _P2_2                              ecen4350_lcd_v4
     000000A3  _P2_3                              ecen4350_lcd_v4
     000000A4  _P2_4                              ecen4350_lcd_v4
     000000A5  _P2_5                              ecen4350_lcd_v4
     000000A6  _P2_6                              ecen4350_lcd_v4
     000000A7  _P2_7                              ecen4350_lcd_v4
     000000A8  _EX0                               ecen4350_lcd_v4
     000000A8  _IE                                ecen4350_lcd_v4
     000000A9  _ET0                               ecen4350_lcd_v4
     000000AA  _EX1                               ecen4350_lcd_v4
     000000AB  _ET1                               ecen4350_lcd_v4
     000000AC  _ES                                ecen4350_lcd_v4
     000000AD  _ET2                               ecen4350_lcd_v4
     000000AF  _EA                                ecen4350_lcd_v4
     000000B0  _P3                                ecen4350_lcd_v4
     000000B0  _P3_0                              ecen4350_lcd_v4
     000000B0  _RXD                               ecen4350_lcd_v4
     000000B1  _P3_1                              ecen4350_lcd_v4
     000000B1  _TXD                               ecen4350_lcd_v4
     000000B2  _INT0                              ecen4350_lcd_v4
     000000B2  _P3_2                              ecen4350_lcd_v4
     000000B3  _INT1                              ecen4350_lcd_v4
     000000B3  _P3_3                              ecen4350_lcd_v4
     000000B4  _P3_4                              ecen4350_lcd_v4
     000000B4  _T0                                ecen4350_lcd_v4
     000000B5  _P3_5                              ecen4350_lcd_v4
     000000B5  _T1                                ecen4350_lcd_v4
     000000B6  _P3_6                              ecen4350_lcd_v4
     000000B6  _WR                                ecen4350_lcd_v4
     000000B7  _P3_7                              ecen4350_lcd_v4
     000000B7  _RD                                ecen4350_lcd_v4
     000000B8  _IP                                ecen4350_lcd_v4
     000000B8  _PX0                               ecen4350_lcd_v4
     000000B9  _PT0                               ecen4350_lcd_v4
     000000BA  _PX1                               ecen4350_lcd_v4
     000000BB  _PT1                               ecen4350_lcd_v4
     000000BC  _PS                                ecen4350_lcd_v4
     000000BD  _PT2                               ecen4350_lcd_v4
     000000C8  _CP_RL2                            ecen4350_lcd_v4
     000000C8  _T2CON                             ecen4350_lcd_v4
     000000C8  _T2CON_0                           ecen4350_lcd_v4
     000000C9  _C_T2                              ecen4350_lcd_v4
     000000C9  _T2CON_1                           ecen4350_lcd_v4
     000000C9  _T2MOD                             ecen4350_lcd_v4
     000000CA  _RCAP2L                            ecen4350_lcd_v4
     000000CA  _T2CON_2                           ecen4350_lcd_v4
     000000CA  _TR2                               ecen4350_lcd_v4
     000000CB  _EXEN2                             ecen4350_lcd_v4
ASxxxx Linker V03.00 + NoICE + sdld,  page 5.
Hexadecimal  [32-Bits]

Area                                    Addr        Size        Decimal Bytes (Attributes)
--------------------------------        ----        ----        ------- ----- ------------
.  .ABS.                            00000000    00000000 =           0. bytes (ABS,CON)

      Value  Global                              Global Defined In Module
      -----  --------------------------------   ------------------------
     000000CB  _RCAP2H                            ecen4350_lcd_v4
     000000CB  _T2CON_3                           ecen4350_lcd_v4
     000000CC  _T2CON_4                           ecen4350_lcd_v4
     000000CC  _TCLK                              ecen4350_lcd_v4
     000000CC  _TL2                               ecen4350_lcd_v4
     000000CD  _RCLK                              ecen4350_lcd_v4
     000000CD  _T2CON_5                           ecen4350_lcd_v4
     000000CD  _TH2                               ecen4350_lcd_v4
     000000CE  _EXF2                              ecen4350_lcd_v4
     000000CE  _T2CON_6                           ecen4350_lcd_v4
     000000CF  _T2CON_7                           ecen4350_lcd_v4
     000000CF  _TF2                               ecen4350_lcd_v4
     000000D0  _P                                 ecen4350_lcd_v4
     000000D0  _PSW                               ecen4350_lcd_v4
     000000D1  _FL                                ecen4350_lcd_v4
     000000D2  _OV                                ecen4350_lcd_v4
     000000D3  _RS0                               ecen4350_lcd_v4
     000000D4  _RS1                               ecen4350_lcd_v4
     000000D5  _F0                                ecen4350_lcd_v4
     000000D6  _AC                                ecen4350_lcd_v4
     000000D7  _CY                                ecen4350_lcd_v4
     000000E0  _A                                 ecen4350_lcd_v4
     000000E0  _ACC                               ecen4350_lcd_v4
     000000F0  _B                                 ecen4350_lcd_v4
     000000F5  _B_5                               _gptrget
     000000F6  _B_6                               _gptrget
     000000F7  _B_7                               _gptrget

ASxxxx Linker V03.00 + NoICE + sdld,  page 6.
Hexadecimal  [32-Bits]

Area                                    Addr        Size        Decimal Bytes (Attributes)
--------------------------------        ----        ----        ------- ----- ------------
REG_BANK_0                          00000000    00000008 =           8. bytes (REL,OVR)

      Value  Global                              Global Defined In Module
      -----  --------------------------------   ------------------------
ASxxxx Linker V03.00 + NoICE + sdld,  page 7.
Hexadecimal  [32-Bits]

Area                                    Addr        Size        Decimal Bytes (Attributes)
--------------------------------        ----        ----        ------- ----- ------------
DSEG                                00000000    00000080 =         128. bytes (REL,CON)

      Value  Global                              Global Defined In Module
      -----  --------------------------------   ------------------------
     00000008  _colloc                            ecen4350_lcd_v4
     00000009  _rowloc                            ecen4350_lcd_v4
     0000000A  _lcd_address                       ecen4350_lcd_v4
     0000000C  _seg7_address                      ecen4350_lcd_v4
     0000000E  _received_byte                     ecen4350_lcd_v4
     0000000F  _received_flag                     ecen4350_lcd_v4
     00000010  _cursor_x                          ecen4350_lcd_v4
     00000012  _cursor_y                          ecen4350_lcd_v4
     00000014  _textsize                          ecen4350_lcd_v4
     00000015  _rotation                          ecen4350_lcd_v4
     00000016  _textcolor                         ecen4350_lcd_v4
     00000018  _textbgcolor                       ecen4350_lcd_v4
     0000001A  __width                            ecen4350_lcd_v4
     0000001C  __height                           ecen4350_lcd_v4
     0000001E  _rtcWrite_PARM_2                   ecen4350_lcd_v4
     00000028  _drawPixel_PARM_2                  ecen4350_lcd_v4
     0000002A  _drawPixel_PARM_3                  ecen4350_lcd_v4
     0000002C  _drawCircle_PARM_2                 ecen4350_lcd_v4
     0000002E  _drawCircle_PARM_3                 ecen4350_lcd_v4
     00000030  _drawCircle_PARM_4                 ecen4350_lcd_v4
     0000003A  _testCircles_PARM_2                ecen4350_lcd_v4
     00000040  _fillRect_PARM_2                   ecen4350_lcd_v4
     00000042  _fillRect_PARM_3                   ecen4350_lcd_v4
     00000044  _fillRect_PARM_4                   ecen4350_lcd_v4
     00000046  _fillRect_PARM_5                   ecen4350_lcd_v4
     00000048  _drawChar_PARM_2                   ecen4350_lcd_v4
     0000004A  _drawChar_PARM_3                   ecen4350_lcd_v4
     0000004B  _drawChar_PARM_4                   ecen4350_lcd_v4
     0000004D  _drawChar_PARM_5                   ecen4350_lcd_v4
     0000004F  _drawChar_PARM_6                   ecen4350_lcd_v4
ASxxxx Linker V03.00 + NoICE + sdld,  page 8.
Hexadecimal  [32-Bits]

Area                                    Addr        Size        Decimal Bytes (Attributes)
--------------------------------        ----        ----        ------- ----- ------------
OSEG                                0000006B    00000006 =           6. bytes (REL,OVR)

      Value  Global                              Global Defined In Module
      -----  --------------------------------   ------------------------
     0000006B  __divsint_PARM_2                   _divuint
     0000006B  __divuint_PARM_2                   _divuint
     0000006B  __modsint_PARM_2                   _moduint
     0000006B  __moduint_PARM_2                   _moduint
     0000006B  __mulint_PARM_2                    _mulint
     0000006B  _iowrite8_PARM_2                   ecen4350_lcd_v4
     0000006B  _ramWrite8_PARM_2                  ecen4350_lcd_v4
     0000006B  _rtcCmd_PARM_2                     ecen4350_lcd_v4
     0000006B  _setAddress_PARM_2                 ecen4350_lcd_v4
     0000006B  _setCursor_PARM_2                  ecen4350_lcd_v4
     0000006B  _setTextColor_PARM_2               ecen4350_lcd_v4
     0000006B  _writeRegister16_PARM_2            ecen4350_lcd_v4
     0000006B  _writeRegister8_PARM_2             ecen4350_lcd_v4
     0000006D  _setAddress_PARM_3                 ecen4350_lcd_v4
     0000006F  _setAddress_PARM_4                 ecen4350_lcd_v4
ASxxxx Linker V03.00 + NoICE + sdld,  page 9.
Hexadecimal  [32-Bits]

Area                                    Addr        Size        Decimal Bytes (Attributes)
--------------------------------        ----        ----        ------- ----- ------------
ISEG                                00000071    0000001B =          27. bytes (REL,CON)

      Value  Global                              Global Defined In Module
      -----  --------------------------------   ------------------------
     00000071  _selection                         ecen4350_lcd_v4
     00000072  _UART_en                           ecen4350_lcd_v4
     00000073  _baudSet                           ecen4350_lcd_v4
     00000074  _paritySet                         ecen4350_lcd_v4
     00000075  _bitSet                            ecen4350_lcd_v4

ASxxxx Linker V03.00 + NoICE + sdld,  page 10.
Hexadecimal  [32-Bits]

Area                                    Addr        Size        Decimal Bytes (Attributes)
--------------------------------        ----        ----        ------- ----- ------------
SSEG                                0000008C    00000074 =         116. bytes (REL,OVR)

      Value  Global                              Global Defined In Module
      -----  --------------------------------   ------------------------
     0000008C  __start__stack                     ecen4350_lcd_v4

ASxxxx Linker V03.00 + NoICE + sdld,  page 11.
Hexadecimal  [32-Bits]

Area                                    Addr        Size        Decimal Bytes (Attributes)
--------------------------------        ----        ----        ------- ----- ------------
HOME                                00000000    00000029 =          41. bytes (REL,CON,CODE)

      Value  Global                              Global Defined In Module
      -----  --------------------------------   ------------------------
C:   00000026  __sdcc_program_startup             ecen4350_lcd_v4

ASxxxx Linker V03.00 + NoICE + sdld,  page 12.
Hexadecimal  [32-Bits]

Area                                    Addr        Size        Decimal Bytes (Attributes)
--------------------------------        ----        ----        ------- ----- ------------
GSINIT0                             00000029    00000003 =           3. bytes (REL,CON,CODE)

      Value  Global                              Global Defined In Module
      -----  --------------------------------   ------------------------
C:   00000029  __sdcc_gsinit_startup              

ASxxxx Linker V03.00 + NoICE + sdld,  page 13.
Hexadecimal  [32-Bits]

Area                                    Addr        Size        Decimal Bytes (Attributes)
--------------------------------        ----        ----        ------- ----- ------------
GSINIT2                             0000002C    0000000A =          10. bytes (REL,CON,CODE)

      Value  Global                              Global Defined In Module
      -----  --------------------------------   ------------------------
ASxxxx Linker V03.00 + NoICE + sdld,  page 14.
Hexadecimal  [32-Bits]

Area                                    Addr        Size        Decimal Bytes (Attributes)
--------------------------------        ----        ----        ------- ----- ------------
GSINIT3                             00000036    00000022 =          34. bytes (REL,CON,CODE)

      Value  Global                              Global Defined In Module
      -----  --------------------------------   ------------------------
C:   00000036  __mcs51_genXINIT                   

ASxxxx Linker V03.00 + NoICE + sdld,  page 15.
Hexadecimal  [32-Bits]

Area                                    Addr        Size        Decimal Bytes (Attributes)
--------------------------------        ----        ----        ------- ----- ------------
GSINIT4                             00000058    0000002A =          42. bytes (REL,CON,CODE)

      Value  Global                              Global Defined In Module
      -----  --------------------------------   ------------------------
C:   00000058  __mcs51_genRAMCLEAR                
C:   0000005E  __mcs51_genXRAMCLEAR               

ASxxxx Linker V03.00 + NoICE + sdld,  page 16.
Hexadecimal  [32-Bits]

Area                                    Addr        Size        Decimal Bytes (Attributes)
--------------------------------        ----        ----        ------- ----- ------------
GSINIT                              00000082    00000022 =          34. bytes (REL,CON,CODE)

      Value  Global                              Global Defined In Module
      -----  --------------------------------   ------------------------
ASxxxx Linker V03.00 + NoICE + sdld,  page 17.
Hexadecimal  [32-Bits]

Area                                    Addr        Size        Decimal Bytes (Attributes)
--------------------------------        ----        ----        ------- ----- ------------
GSFINAL                             000000A4    00000003 =           3. bytes (REL,CON,CODE)

      Value  Global                              Global Defined In Module
      -----  --------------------------------   ------------------------
ASxxxx Linker V03.00 + NoICE + sdld,  page 18.
Hexadecimal  [32-Bits]

Area                                    Addr        Size        Decimal Bytes (Attributes)
--------------------------------        ----        ----        ------- ----- ------------
CSEG                                000000A7    00004EE4 =       20196. bytes (REL,CON,CODE)

      Value  Global                              Global Defined In Module
      -----  --------------------------------   ------------------------
C:   000000A7  _iowrite8                          ecen4350_lcd_v4
C:   000000AF  _ioread8                           ecen4350_lcd_v4
C:   000000B8  _ramWrite8                         ecen4350_lcd_v4
C:   000000C0  _ramRead8                          ecen4350_lcd_v4
C:   000000C9  _writeAllRAM                       ecen4350_lcd_v4
C:   000000F8  _checkAllRAM                       ecen4350_lcd_v4
C:   00000187  _delay                             ecen4350_lcd_v4
C:   000001BA  _UART_Init                         ecen4350_lcd_v4
C:   000001C7  _UART_transmit                     ecen4350_lcd_v4
C:   000001D0  _ISR_receive                       ecen4350_lcd_v4
C:   000001DC  _writeRegister8                    ecen4350_lcd_v4
C:   000001FC  _writeRegister16                   ecen4350_lcd_v4
C:   00000241  _seg7Test                          ecen4350_lcd_v4
C:   0000039C  _rtcInit                           ecen4350_lcd_v4
C:   000003D2  _rtcBusy                           ecen4350_lcd_v4
C:   000003E0  _rtcCmd                            ecen4350_lcd_v4
C:   000003E9  _rtcWrite                          ecen4350_lcd_v4
C:   00000418  _rtcRead                           ecen4350_lcd_v4
C:   0000044D  _rtcPrint                          ecen4350_lcd_v4
C:   0000055D  _setCursor                         ecen4350_lcd_v4
C:   0000056A  _setTextColor                      ecen4350_lcd_v4
C:   00000577  _setTextSize                       ecen4350_lcd_v4
C:   0000058F  _setRotation                       ecen4350_lcd_v4
C:   000005FA  _setAddress                        ecen4350_lcd_v4
C:   00000695  _TFT_LCD_INIT                      ecen4350_lcd_v4
C:   000007D4  _drawPixel                         ecen4350_lcd_v4
C:   00000825  _drawCircle                        ecen4350_lcd_v4
C:   00000ABE  _testCircles                       ecen4350_lcd_v4
C:   00000B50  _fillRect                          ecen4350_lcd_v4
C:   00000C2D  _fillTop                           ecen4350_lcd_v4
C:   00000D13  _fillScreen                        ecen4350_lcd_v4
C:   00000DFA  _clearLCD                          ecen4350_lcd_v4
C:   00000E00  _drawChar                          ecen4350_lcd_v4
C:   00001011  _write                             ecen4350_lcd_v4
C:   00001077  _LCD_string_write                  ecen4350_lcd_v4
C:   000010B6  _writeNewLine                      ecen4350_lcd_v4
C:   000010BC  _freeType                          ecen4350_lcd_v4
C:   00001195  _keyDetect                         ecen4350_lcd_v4
C:   0000129E  _reverse                           ecen4350_lcd_v4
C:   0000130E  _reverse16                         ecen4350_lcd_v4
C:   0000138D  _hexToASCII                        ecen4350_lcd_v4
C:   00001403  _ASCIItoHex                        ecen4350_lcd_v4
C:   00001479  _asciiToDec                        ecen4350_lcd_v4
C:   000014CD  _asciiToHex                        ecen4350_lcd_v4
C:   00001542  _print4Hex                         ecen4350_lcd_v4
C:   00001548  _print8Hex                         ecen4350_lcd_v4
C:   0000155F  _print16Hex                        ecen4350_lcd_v4
C:   00001575  _print16Dec                        ecen4350_lcd_v4
C:   000015CA  _print8ASCII                       ecen4350_lcd_v4
C:   000015CD  _print16ASCII                      ecen4350_lcd_v4
ASxxxx Linker V03.00 + NoICE + sdld,  page 19.
Hexadecimal  [32-Bits]

Area                                    Addr        Size        Decimal Bytes (Attributes)
--------------------------------        ----        ----        ------- ----- ------------
CSEG                                000000A7    00004EE4 =       20196. bytes (REL,CON,CODE)

      Value  Global                              Global Defined In Module
      -----  --------------------------------   ------------------------
C:   000015E3  _writeSomeLines                    ecen4350_lcd_v4
C:   0000163B  _setColorDefault                   ecen4350_lcd_v4
C:   00001646  _setColorSelect                    ecen4350_lcd_v4
C:   00001651  _setColorHighlight1                ecen4350_lcd_v4
C:   0000165D  _setColorHighlight2                ecen4350_lcd_v4
C:   00001669  _setColorGray                      ecen4350_lcd_v4
C:   00001674  _setColorMenu                      ecen4350_lcd_v4
C:   00001680  _setColorRed                       ecen4350_lcd_v4
C:   0000168B  _setColorWhite                     ecen4350_lcd_v4
C:   00001696  _setColorGreen                     ecen4350_lcd_v4
C:   000016A1  _setColorYellow                    ecen4350_lcd_v4
C:   000016AC  _inputAddress                      ecen4350_lcd_v4
C:   0000174E  _inputBlockType                    ecen4350_lcd_v4
C:   0000175C  _inputBlockSize                    ecen4350_lcd_v4
C:   000017A0  _printMenu                         ecen4350_lcd_v4
C:   00001A0F  _dump                              ecen4350_lcd_v4
C:   000022D0  _move                              ecen4350_lcd_v4
C:   00002839  _edit                              ecen4350_lcd_v4
C:   00002F95  _find                              ecen4350_lcd_v4
C:   00003A99  _count                             ecen4350_lcd_v4
C:   00004574  _check                             ecen4350_lcd_v4
C:   00004696  _uart                              ecen4350_lcd_v4
C:   000049C3  _main                              ecen4350_lcd_v4
C:   00004E6A  __divuint                          _divuint
C:   00004E93  __mulint                           _mulint
C:   00004E93  __mulint_dummy                     _mulint
C:   00004EB0  __moduint                          _moduint
C:   00004EFD  __gptrget                          _gptrget
C:   00004F19  __modsint                          _modsint
C:   00004F4F  __divsint                          _divsint
C:   00004F87  __sdcc_external_startup            _startup
ASxxxx Linker V03.00 + NoICE + sdld,  page 20.
Hexadecimal  [32-Bits]

Area                                    Addr        Size        Decimal Bytes (Attributes)
--------------------------------        ----        ----        ------- ----- ------------
CONST                               00004F8B    00000F33 =        3891. bytes (REL,CON,CODE)

      Value  Global                              Global Defined In Module
      -----  --------------------------------   ------------------------
C:   00005486  _keypad                            ecen4350_lcd_v4

ASxxxx Linker V03.00 + NoICE + sdld,  page 21.

Files Linked                              [ module(s) ]

ecen4350_lcd_v4.rel                       [  ]


Libraries Linked                          [ object file ]

C:\Program Files\SDCC\bin\..\lib\small/libint.lib
                                          [ _divuint.rel ]
C:\Program Files\SDCC\bin\..\lib\small/mcs51.lib
                                          [ crtclear.rel ]
C:\Program Files\SDCC\bin\..\lib\small/mcs51.lib
                                          [ crtxinit.rel ]
C:\Program Files\SDCC\bin\..\lib\small/libint.lib
                                          [ _mulint.rel ]
C:\Program Files\SDCC\bin\..\lib\small/libint.lib
                                          [ _moduint.rel ]
C:\Program Files\SDCC\bin\..\lib\small/mcs51.lib
                                          [ crtxclear.rel ]
C:\Program Files\SDCC\bin\..\lib\small/mcs51.lib
                                          [ crtpagesfr.rel ]
C:\Program Files\SDCC\bin\..\lib\small/mcs51.lib
                                          [ crtstart.rel ]
C:\Program Files\SDCC\bin\..\lib\small/libsdcc.lib
                                          [ _gptrget.rel ]
C:\Program Files\SDCC\bin\..\lib\small/libint.lib
                                          [ _modsint.rel ]
C:\Program Files\SDCC\bin\..\lib\small/libint.lib
                                          [ _divsint.rel ]
C:\Program Files\SDCC\bin\..\lib\small/libsdcc.lib
                                          [ _startup.rel ]

ASxxxx Linker V03.00 + NoICE + sdld,  page 22.

User Base Address Definitions

HOME = 0x0000
XSEG = 0x0001
PSEG = 0x0001
ISEG = 0x0000
BSEG = 0x0000

